2026-07-19 10:44:37,795 - crypto_chan_live - INFO - 加载 4h: 720 行 from E:\Auto_test\huyhf\trading_system\data\binance_history\ETHUSDT_4h.csv
2026-07-19 10:44:37,803 - crypto_chan_live - INFO - 加载 1h: 2880 行 from E:\Auto_test\huyhf\trading_system\data\binance_history\ETHUSDT_1h.csv
2026-07-19 10:44:37,827 - crypto_chan_live - INFO - 加载 15m: 11520 行 from E:\Auto_test\huyhf\trading_system\data\binance_history\ETHUSDT_15m.csv
2026-07-19 10:44:37,829 - crypto_chan_live - INFO - 加载 1d: 120 行 from E:\Auto_test\huyhf\trading_system\data\binance_history\ETHUSDT_1d.csv
2026-07-19 10:44:37,830 - crypto_chan_live - INFO - 使用本地CSV数据
2026-07-19 10:44:38,137 - crypto_chan_live - INFO - [Live] 使用BinanceRestClient连接实盘
2026-07-19 10:44:38,137 - crypto_chan_live - INFO - [DingTalk] 钉钉通知器已初始化
2026-07-19 10:44:38,137 - crypto_chan_live - INFO - ==================================================
2026-07-19 10:44:38,138 - crypto_chan_live - INFO - 策略执行器启动
2026-07-19 10:44:38,138 - crypto_chan_live - INFO - ==================================================
2026-07-19 10:44:38,140 - crypto_chan_live - INFO - [Live] 正在获取账户余额...
2026-07-19 10:44:38,422 - crypto_chan_live - INFO - [Live] 正在加载交易对精度规则: ETHUSDT...
2026-07-19 10:44:38,678 - crypto_chan_live - INFO - [Live] 精度规则已加载: tickSize=None, stepSize=None, minQty=None, minNotional=None
2026-07-19 10:44:38,680 - crypto_chan_live - INFO - [Live] 账户余额信息（已设置为初始资金）:
2026-07-19 10:44:38,680 - crypto_chan_live - INFO -   - 可用余额: $5,113.63
2026-07-19 10:44:38,680 - crypto_chan_live - INFO -   - 跨仓钱包余额: $5,113.63
2026-07-19 10:44:38,680 - crypto_chan_live - INFO -   - 跨仓未实现盈亏: $0.00
2026-07-19 10:44:38,680 - crypto_chan_live - INFO -   - 仓位初始保证金: $0.00
2026-07-19 10:44:38,680 - crypto_chan_live - INFO -   - 挂单初始保证金: $0.00
2026-07-19 10:44:38,680 - crypto_chan_live - INFO -   - 最大可提: $5,113.63
2026-07-19 10:44:38,683 - crypto_chan_live - INFO - [启动] 检查现有仓位和挂单: ETHUSDT...
2026-07-19 10:44:38,808 - crypto_chan_live - INFO - [启动] 无未成交挂单
2026-07-19 10:44:38,887 - crypto_chan_live - INFO - [启动] 当前无持仓，策略将从零仓位开始
2026-07-19 10:44:38,960 - crypto_chan_live - INFO - [Live] 平仓后最终可用余额: $5,113.63（已设为初始资金）
2026-07-19 10:44:39,210 - crypto_chan_live - INFO - [Live] 注入策略数据: 4H=720行, 1H=2880行, 15M=11520行, 1D=120行
2026-07-19 10:44:39,220 - crypto_chan_live - INFO - [Live] 策略数据注入完成: 日线趋势=DOWN, 市场状态=unknown, 4H背驰: 顶=False, 底=False, 4H分型: 顶=False, 底=False, 中枢数=0
2026-07-19 10:44:39,220 - crypto_chan_live - INFO - [Paper] 策略初始化完成, 已加载 720 根4H K线, 当前bar_index=719
2026-07-19 10:44:39,229 - crypto_chan_live - INFO - [Paper] 开始模拟盘执行: 720 根4H K线
2026-07-19 10:44:39,241 - crypto_chan_live - INFO - [Live] [720/720] price=1665.65 | 余额=$5,113.63 | 权益=$5,113.63 (+0.00%) | 多仓=0.0000@0.00 | 空仓=0.0000@0.00 | 加仓=0/3
2026-07-19 10:44:39,241 - crypto_chan_live - INFO - ============================================================
2026-07-19 10:44:39,241 - crypto_chan_live - INFO - 历史数据处理完成，进入实时监控模式
2026-07-19 10:44:39,241 - crypto_chan_live - INFO - ============================================================
2026-07-19 10:44:39,244 - crypto_chan_live - INFO - [实时] 最后一根K线时间: 2026-06-05 12:00:00
2026-07-19 10:44:39,244 - crypto_chan_live - INFO - [实时] 开始实时监控（每次轮询检查信号和止损/止盈）...
2026-07-19 10:44:39,244 - crypto_chan_live - INFO - [实时] 初始价格: 1665.65
